cargo :     Finished `test` profile [unoptimized + debuginfo] target(s) in 0.29s
At line:1 char:1
+ cargo test --test cucumber > test_output.txt 2>&1
+ ~~~~~~~~~~~~~~~~~~~~~~~~~~~~~~~~~~~~~~~~~~~~~~~~~
    + CategoryInfo          : NotSpecified: (    Finished `t...get(s) in 0.29s:String) [], RemoteException
    + FullyQualifiedErrorId : NativeCommandError
 
     Running tests\cucumber.rs (target\debug\deps\cucumber-b5c66998058460d3.exe)
Feature: GitHub Annotations Command
  Scenario: Error annotation generated for fail verdict
   Γ£ö> Given a temporary directory for test artifacts
   Γ£ö  Given a compare receipt with fail verdict
   Γ£ö  When I run perfgate github-annotations
   Γ£ö  Then the exit code should be 0
   Γ£ö  And the output should contain an error annotation
  Scenario: Error annotation contains bench name for fail verdict
   Γ£ö> Given a temporary directory for test artifacts
   Γ£ö  Given a compare receipt with fail verdict
   Γ£ö  When I run perfgate github-annotations
   Γ£ö  Then the exit code should be 0
   Γ£ö  And the output should contain an error annotation
   Γ£ö  And the annotation should contain bench name "test-bench"
  Scenario: Error annotation contains metric name for fail verdict
   Γ£ö> Given a temporary directory for test artifacts
   Γ£ö  Given a compare receipt with fail verdict
   Γ£ö  When I run perfgate github-annotations
   Γ£ö  Then the exit code should be 0
   Γ£ö  And the stdout should contain "wall_ms"
  Scenario: Error annotation contains delta percentage for fail verdict
   Γ£ö> Given a temporary directory for test artifacts
   Γ£ö  Given a compare receipt with fail verdict
   Γ£ö  When I run perfgate github-annotations
   Γ£ö  Then the exit code should be 0
   Γ£ö  And the stdout should contain "%"
  Scenario: Warning annotation generated for warn verdict
   Γ£ö> Given a temporary directory for test artifacts
   Γ£ö  Given a compare receipt with warn verdict
   Γ£ö  When I run perfgate github-annotations
   Γ£ö  Then the exit code should be 0
   Γ£ö  And the output should contain a warning annotation
  Scenario: Warning annotation contains bench name for warn verdict
   Γ£ö> Given a temporary directory for test artifacts
   Γ£ö  Given a compare receipt with warn verdict
   Γ£ö  When I run perfgate github-annotations
   Γ£ö  Then the exit code should be 0
   Γ£ö  And the output should contain a warning annotation
   Γ£ö  And the annotation should contain bench name "test-bench"
  Scenario: Warning annotation contains metric name for warn verdict
   Γ£ö> Given a temporary directory for test artifacts
   Γ£ö  Given a compare receipt with warn verdict
   Γ£ö  When I run perfgate github-annotations
   Γ£ö  Then the exit code should be 0
   Γ£ö  And the stdout should contain "wall_ms"
  Scenario: Warning annotation contains delta percentage for warn verdict
   Γ£ö> Given a temporary directory for test artifacts
   Γ£ö  Given a compare receipt with warn verdict
   Γ£ö  When I run perfgate github-annotations
   Γ£ö  Then the exit code should be 0
   Γ£ö  And the stdout should contain "%"
  Scenario: No annotations generated for pass verdict
   Γ£ö> Given a temporary directory for test artifacts
   Γ£ö  Given a compare receipt with pass verdict
   Γ£ö  When I run perfgate github-annotations
   Γ£ö  Then the exit code should be 0
   Γ£ö  And the output should contain no annotations
  Scenario: Pass verdict produces empty or minimal output
   Γ£ö> Given a temporary directory for test artifacts
   Γ£ö  Given a compare receipt with pass verdict
   Γ£ö  When I run perfgate github-annotations
   Γ£ö  Then the exit code should be 0
   Γ£ö  And the stdout should be empty
  Scenario: Error annotation follows GitHub Actions format
   Γ£ö> Given a temporary directory for test artifacts
   Γ£ö  Given a compare receipt with fail verdict
   Γ£ö  When I run perfgate github-annotations
   Γ£ö  Then the exit code should be 0
   Γ£ö  And the stdout should contain "::error::"
  Scenario: Warning annotation follows GitHub Actions format
   Γ£ö> Given a temporary directory for test artifacts
   Γ£ö  Given a compare receipt with warn verdict
   Γ£ö  When I run perfgate github-annotations
   Γ£ö  Then the exit code should be 0
   Γ£ö  And the stdout should contain "::warning::"
  Scenario: Annotation format includes all required information
   Γ£ö> Given a temporary directory for test artifacts
   Γ£ö  Given a compare receipt with fail verdict
   Γ£ö  When I run perfgate github-annotations
   Γ£ö  Then the exit code should be 0
   Γ£ö  And the stdout should contain "::error::"
   Γ£ö  And the stdout should contain "test-bench"
   Γ£ö  And the stdout should contain "wall_ms"
   Γ£ö  And the stdout should contain "%"
  Scenario: Exit code is 0 regardless of verdict status
   Γ£ö> Given a temporary directory for test artifacts
   Γ£ö  Given a compare receipt with fail verdict
   Γ£ö  When I run perfgate github-annotations
   Γ£ö  Then the exit code should be 0
  Scenario: Exit code is 0 for warn verdict
   Γ£ö> Given a temporary directory for test artifacts
   Γ£ö  Given a compare receipt with warn verdict
   Γ£ö  When I run perfgate github-annotations
   Γ£ö  Then the exit code should be 0
  Scenario: Exit code is 0 for pass verdict
   Γ£ö> Given a temporary directory for test artifacts
   Γ£ö  Given a compare receipt with pass verdict
   Γ£ö  When I run perfgate github-annotations
   Γ£ö  Then the exit code should be 0
Feature: Baseline Command
  Scenario: Baseline command fails without subcommand
   Γ£ö> Given a temporary directory for test artifacts
   Γ£ö  When I run perfgate baseline with no args
   Γ£ö  Then the exit code should be 2
   Γ£ö  And the stderr should contain "Usage:"
  Scenario: Baseline list fails without baseline server
   Γ£ö> Given a temporary directory for test artifacts
   Γ£ö  When I run perfgate baseline list without server
   Γ£ö  Then the exit code should be 1
   Γ£ö  And the stderr should contain "baseline server is not configured"
  Scenario: Baseline upload fails without baseline server
   Γ£ö> Given a temporary directory for test artifacts
   Γ£ö  When I run perfgate baseline upload without server
   Γ£ö  Then the exit code should be 1
   Γ£ö  And the stderr should contain "baseline server is not configured"
  Scenario: Baseline download fails without baseline server
   Γ£ö> Given a temporary directory for test artifacts
   Γ£ö  When I run perfgate baseline download without server
   Γ£ö  Then the exit code should be 1
   Γ£ö  And the stderr should contain "baseline server is not configured"
  Scenario: Baseline delete fails without baseline server
   Γ£ö> Given a temporary directory for test artifacts
   Γ£ö  When I run perfgate baseline delete without server
   Γ£ö  Then the exit code should be 1
   Γ£ö  And the stderr should contain "baseline server is not configured"
Feature: baseline migrate command
  Scenario: Migrate multiple baselines to the server
   Γ£ö> Given a temporary directory for test artifacts
   Γ£ö> And a mock baseline server is running
   Γ£ö  Given a baseline file exists at "baselines/bench1.json"
   Γ£ö  And a baseline file exists at "baselines/bench2.json"
   Γ£ö  When I run "perfgate baseline migrate --dir baselines --project my-project"
   Γ£ÿ  Then the command should succeed
      Step failed:
      Defined: ?\D:\Code\Rust\perfgate\features\baseline_migrate.feature:14:5
      Matched: tests\cucumber.rs:5074:1
      Step panicked. Captured output: assertion `left == right` failed: Expected command to succeed (exit code 0), got 2. Stderr: error: unrecognized subcommand 'migrate'
      
      Usage: perfgate.exe baseline [OPTIONS] <COMMAND>
      
      For more information, try '--help'.
      
        left: 2
       right: 0
Feature: Check Command
  Scenario: Check runs bench and produces all artifacts
   Γ£ö> Given a temporary directory for test artifacts
   Γ£ö  Given a config file with bench "my-bench"
   Γ£ö  And a baseline receipt for bench "my-bench" with wall_ms median of 1000
   Γ£ö  When I run perfgate check for bench "my-bench"
   Γ£ö  Then the exit code should be 0
   Γ£ö  And the run.json artifact should exist
   Γ£ö  And the compare.json artifact should exist
   Γ£ö  And the report.json artifact should exist
   Γ£ö  And the comment.md artifact should exist
  Scenario: Check handles missing baseline with warning
   Γ£ö> Given a temporary directory for test artifacts
   Γ£ö  Given a config file with bench "new-bench"
   Γ£ö  When I run perfgate check for bench "new-bench"
   Γ£ö  Then the exit code should be 0
   Γ£ö  And the run.json artifact should exist
   Γ£ö  And the compare.json artifact should not exist
   Γ£ö  And the report.json artifact should exist
   Γ£ö  And the comment.md artifact should exist
   Γ£ö  And the comment.md should contain "no baseline"
  Scenario: Check with --require-baseline fails if baseline missing
   Γ£ö> Given a temporary directory for test artifacts
   Γ£ö  Given a config file with bench "no-baseline-bench"
   Γ£ö  When I run perfgate check for bench "no-baseline-bench" with --require-baseline
   Γ£ö  Then the exit code should be 1
   Γ£ö  And the stderr should contain "baseline not found"
  Scenario: Check uses defaults from config when bench does not specify
   Γ£ö> Given a temporary directory for test artifacts
   Γ£ö  Given a config file with defaults repeat 3 and warmup 1
   Γ£ö  And a bench "default-bench" without explicit repeat or warmup
   Γ£ö  When I run perfgate check for bench "default-bench"
   Γ£ö  Then the exit code should be 0
   Γ£ö  And the run.json should have 4 samples
   Γ£ö  And the run.json should have 1 warmup samples
  Scenario: Check uses bench-specific settings over defaults
   Γ£ö> Given a temporary directory for test artifacts
   Γ£ö  Given a config file with defaults repeat 3
   Γ£ö  And a bench "specific-bench" with repeat 5
   Γ£ö  When I run perfgate check for bench "specific-bench"
   Γ£ö  Then the exit code should be 0
   Γ£ö  And the run.json should have 5 samples
  Scenario: Check uses --baseline path when provided
   Γ£ö> Given a temporary directory for test artifacts
   Γ£ö  Given a config file with bench "explicit-baseline-bench"
   Γ£ö  And a baseline receipt at "custom/path/baseline.json" with wall_ms median of 1000
   Γ£ö  When I run perfgate check for bench "explicit-baseline-bench" with --baseline "custom/path/baseline.json"
   Γ£ö  Then the exit code should be 0
   Γ£ö  And the compare.json artifact should exist
  Scenario: Check falls back to baseline_dir from config
   Γ£ö> Given a temporary directory for test artifacts
   Γ£ö  Given a config file with bench "config-baseline-bench" and baseline_dir "my-baselines"
   Γ£ö  And a baseline receipt at "my-baselines/config-baseline-bench.json" with wall_ms median of 1000
   Γ£ö  When I run perfgate check for bench "config-baseline-bench"
   Γ£ö  Then the exit code should be 0
   Γ£ö  And the compare.json artifact should exist
  Scenario: Check resolves baseline from baseline_pattern
   Γ£ö> Given a temporary directory for test artifacts
   Γ£ö  Given a config file with bench "pattern-bench" and baseline_pattern "custom-baselines/{bench}.json"
   Γ£ö  And a baseline receipt at "custom-baselines/pattern-bench.json" with wall_ms median of 1000
   Γ£ö  When I run perfgate check for bench "pattern-bench"
   Γ£ö  Then the exit code should be 0
   Γ£ö  And the compare.json artifact should exist
  Scenario: Check writes GitHub outputs when requested
   Γ£ö> Given a temporary directory for test artifacts
   Γ£ö  Given a config file with bench "github-output-bench"
   Γ£ö  And a baseline receipt for bench "github-output-bench" with wall_ms median of 1000
   Γ£ö  When I run perfgate check for bench "github-output-bench" with --output-github
   Γ£ö  Then the exit code should be 0
   Γ£ö  And the github output file should exist
   Γ£ö  And the github output should contain "verdict="
   Γ£ö  And the github output should contain "bench_count=1"
  Scenario: Check cockpit mode writes sensor envelope and versioned extras
   Γ£ö> Given a temporary directory for test artifacts
   Γ£ö  Given a config file with bench "cockpit-bench"
   Γ£ö  And a baseline receipt for bench "cockpit-bench" with wall_ms median of 1000
   Γ£ö  When I run perfgate check for bench "cockpit-bench" in cockpit mode
   Γ£ö  Then the exit code should be 0
   Γ£ö  And the report.json artifact should have schema sensor.report.v1
   Γ£ö  And the artifact file "extras/perfgate.run.v1.json" should exist
   Γ£ö  And the artifact file "extras/perfgate.compare.v1.json" should exist
   Γ£ö  And the artifact file "extras/perfgate.report.v1.json" should exist
  Scenario: Check with --bench-regex selects benchmarks by pattern
   Γ£ö> Given a temporary directory for test artifacts
   Γ£ö  Given a config file with benches "alpha-bench,beta-bench,gamma-bench"
   Γ£ö  And a baseline receipt for bench "alpha-bench" with wall_ms median of 1000
   Γ£ö  And a baseline receipt for bench "beta-bench" with wall_ms median of 1000
   Γ£ö  When I run perfgate check for all benches with --bench-regex "alpha|beta"
   Γ£ö  Then the exit code should be 0
   Γ£ö  And the artifact file "alpha-bench/run.json" should exist
   Γ£ö  And the artifact file "beta-bench/run.json" should exist
   Γ£ö  And the artifact file "gamma-bench/run.json" should not exist
  Scenario: Check with malformed TOML config fails
   Γ£ö> Given a temporary directory for test artifacts
   Γ£ö  Given a malformed TOML config file
   Γ£ö  When I run perfgate check for bench "any-bench"
   Γ£ö  Then the exit code should be 1
   Γ£ö  And the stderr should contain "TOML parse error"
  Scenario: Check with missing required command field fails
   Γ£ö> Given a temporary directory for test artifacts
   Γ£ö  Given a config file with bench "no-cmd" missing the command field
   Γ£ö  When I run perfgate check for bench "no-cmd"
   Γ£ö  Then the exit code should be 1
   Γ£ö  And the stderr should contain "command"
  Scenario: Check with invalid threshold type fails
   Γ£ö> Given a temporary directory for test artifacts
   Γ£ö  Given a config file with an invalid threshold type
   Γ£ö  When I run perfgate check for bench "bad-thresh"
   Γ£ö  Then the exit code should be 1
   Γ£ö  And the stderr should contain "TOML parse error"
  Scenario: Check with empty benchmarks list and --all fails
   Γ£ö> Given a temporary directory for test artifacts
   Γ£ö  Given a config file with no benchmarks defined
   Γ£ö  When I run perfgate check for all benches
   Γ£ö  Then the exit code should be 1
   Γ£ö  And the stderr should contain "no benchmarks defined"
  Scenario: Check with non-existent bench name fails
   Γ£ö> Given a temporary directory for test artifacts
   Γ£ö  Given a config file with bench "existing-bench"
   Γ£ö  When I run perfgate check for bench "nonexistent-bench"
   Γ£ö  Then the exit code should be 1
   Γ£ö  And the stderr should contain "not found in config"
  Scenario: Check with invalid metric name in budget fails
   Γ£ö> Given a temporary directory for test artifacts
   Γ£ö  Given a config file with bench "bad-metric" and invalid metric in budgets
   Γ£ö  When I run perfgate check for bench "bad-metric"
   Γ£ö  Then the exit code should be 1
   Γ£ö  And the stderr should contain "TOML parse error"
  Scenario: Check --all with all benches passing exits 0
   Γ£ö> Given a temporary directory for test artifacts
   Γ£ö  Given a config file with benches "bench-a,bench-b,bench-c"
   Γ£ö  When I run perfgate check for all benches
   Γ£ö  Then the exit code should be 0
   Γ£ö  And the artifact file "bench-a/run.json" should exist
   Γ£ö  And the artifact file "bench-b/run.json" should exist
   Γ£ö  And the artifact file "bench-c/run.json" should exist
  Scenario: Check --all with one failing bench exits 2
   Γ£ö> Given a temporary directory for test artifacts
   Γ£ö  Given a config file with benches "pass-bench,fail-bench" and tight threshold
   Γ£ö  And a baseline receipt for bench "fail-bench" with wall_ms median of 1
   Γ£ö  When I run perfgate check for all benches
   Γ£ö  Then the exit code should be 2
   Γ£ö  And the artifact file "pass-bench/run.json" should exist
   Γ£ö  And the artifact file "fail-bench/run.json" should exist
  Scenario: Check --all with one warn bench and --fail-on-warn exits 3
   Γ£ö> Given a temporary directory for test artifacts
   Γ£ö  Given a config file with benches "pass-bench,warn-bench" and lenient threshold
   Γ£ö  And a baseline receipt for bench "warn-bench" with wall_ms median of 1
   Γ£ö  When I run perfgate check for all benches with --fail-on-warn
   Γ£ö  Then the exit code should be 3
  Scenario: Check --all with fail and warn exits 2
   Γ£ö> Given a temporary directory for test artifacts
   Γ£ö  Given a config file with benches "fail-bench" and tight threshold and bench "warn-bench" with lenient threshold
   Γ£ö  And a baseline receipt for bench "fail-bench" with wall_ms median of 1
   Γ£ö  And a baseline receipt for bench "warn-bench" with wall_ms median of 1
   Γ£ö  When I run perfgate check for all benches with --fail-on-warn
   Γ£ö  Then the exit code should be 2
Feature: Cockpit Mode
  Scenario: Cockpit mode produces sensor.report.v1 and extras with baseline
   Γ£ö> Given a temporary directory for test artifacts
   Γ£ö  Given a config file with bench "cockpit-basic"
   Γ£ö  And a baseline receipt for bench "cockpit-basic" with wall_ms median of 1000
   Γ£ö  When I run perfgate check for bench "cockpit-basic" in cockpit mode
   Γ£ö  Then the exit code should be 0
   Γ£ö  And the report.json artifact should have schema sensor.report.v1
   Γ£ö  And the artifact file "extras/perfgate.run.v1.json" should exist
   Γ£ö  And the artifact file "extras/perfgate.compare.v1.json" should exist
   Γ£ö  And the artifact file "extras/perfgate.report.v1.json" should exist
   Γ£ö  And the comment.md artifact should exist
  Scenario: Cockpit mode without baseline skips compare extras
   Γ£ö> Given a temporary directory for test artifacts
   Γ£ö  Given a config file with bench "cockpit-no-baseline"
   Γ£ö  When I run perfgate check for bench "cockpit-no-baseline" in cockpit mode
   Γ£ö  Then the exit code should be 0
   Γ£ö  And the report.json artifact should have schema sensor.report.v1
   Γ£ö  And the artifact file "extras/perfgate.run.v1.json" should exist
   Γ£ö  And the artifact file "extras/perfgate.compare.v1.json" should not exist
   Γ£ö  And the artifact file "extras/perfgate.report.v1.json" should exist
  Scenario: Cockpit mode exits 0 even with budget violation
   Γ£ö> Given a temporary directory for test artifacts
   Γ£ö  Given a config file with bench "cockpit-fail" with threshold 1.01
   Γ£ö  And a baseline receipt for bench "cockpit-fail" with wall_ms median of 1
   Γ£ö  When I run perfgate check for bench "cockpit-fail" in cockpit mode
   Γ£ö  Then the exit code should be 0
   Γ£ö  And the report.json artifact should have schema sensor.report.v1
  Scenario: Cockpit mode with --all writes per-bench extras
   Γ£ö> Given a temporary directory for test artifacts
   Γ£ö  Given a config file with benches "cockpit-a,cockpit-b"
   Γ£ö  When I run perfgate check for all benches in cockpit mode
   Γ£ö  Then the exit code should be 0
   Γ£ö  And the report.json artifact should have schema sensor.report.v1
   Γ£ö  And the artifact file "extras/cockpit-a/perfgate.run.v1.json" should exist
   Γ£ö  And the artifact file "extras/cockpit-a/perfgate.report.v1.json" should exist
   Γ£ö  And the artifact file "extras/cockpit-b/perfgate.run.v1.json" should exist
   Γ£ö  And the artifact file "extras/cockpit-b/perfgate.report.v1.json" should exist
   Γ£ö  And the comment.md artifact should exist
  Scenario: Cockpit mode --all with baselines writes compare extras
   Γ£ö> Given a temporary directory for test artifacts
   Γ£ö  Given a config file with benches "cockpit-c,cockpit-d"
   Γ£ö  And a baseline receipt for bench "cockpit-c" with wall_ms median of 1000
   Γ£ö  And a baseline receipt for bench "cockpit-d" with wall_ms median of 1000
   Γ£ö  When I run perfgate check for all benches in cockpit mode
   Γ£ö  Then the exit code should be 0
   Γ£ö  And the report.json artifact should have schema sensor.report.v1
   Γ£ö  And the artifact file "extras/cockpit-c/perfgate.run.v1.json" should exist
   Γ£ö  And the artifact file "extras/cockpit-c/perfgate.compare.v1.json" should exist
   Γ£ö  And the artifact file "extras/cockpit-c/perfgate.report.v1.json" should exist
   Γ£ö  And the artifact file "extras/cockpit-d/perfgate.run.v1.json" should exist
   Γ£ö  And the artifact file "extras/cockpit-d/perfgate.compare.v1.json" should exist
   Γ£ö  And the artifact file "extras/cockpit-d/perfgate.report.v1.json" should exist
  Scenario: Cockpit mode with missing baseline writes error in report
   Γ£ö> Given a temporary directory for test artifacts
   Γ£ö  Given a config file with bench "cockpit-missing-bl"
   Γ£ö  When I run perfgate check for bench "cockpit-missing-bl" in cockpit mode with --require-baseline
   Γ£ö  Then the exit code should be 0
   Γ£ö  And the report.json artifact should have schema sensor.report.v1
Feature: Compare Command
  Scenario: Pass verdict when performance improves
   Γ£ö> Given a temporary directory for test artifacts
   Γ£ö  Given a baseline receipt with wall_ms median of 1000
   Γ£ö  And a current receipt with wall_ms median of 900
   Γ£ö  When I run perfgate compare with threshold 0.20
   Γ£ö  Then the exit code should be 0
   Γ£ö  And the verdict should be pass
   Γ£ö  And the compare receipt should contain wall_ms delta
   Γ£ö  And the compare receipt should have schema perfgate.compare.v1
  Scenario: Pass verdict when performance is unchanged
   Γ£ö> Given a temporary directory for test artifacts
   Γ£ö  Given a baseline receipt with wall_ms median of 1000
   Γ£ö  And a current receipt with wall_ms median of 1000
   Γ£ö  When I run perfgate compare with threshold 0.20
   Γ£ö  Then the exit code should be 0
   Γ£ö  And the verdict should be pass
  Scenario: Pass verdict when regression is within threshold
   Γ£ö> Given a temporary directory for test artifacts
   Γ£ö  Given a baseline receipt with wall_ms median of 1000
   Γ£ö  And a current receipt with wall_ms median of 1100
   Γ£ö  When I run perfgate compare with threshold 0.20
   Γ£ö  Then the exit code should be 0
   Γ£ö  And the verdict should be pass
  Scenario: Fail verdict when regression exceeds threshold
   Γ£ö> Given a temporary directory for test artifacts
   Γ£ö  Given a baseline receipt with wall_ms median of 1000
   Γ£ö  And a current receipt with wall_ms median of 1500
   Γ£ö  When I run perfgate compare with threshold 0.20
   Γ£ö  Then the exit code should be 2
   Γ£ö  And the verdict should be fail
   Γ£ö  And the reasons should include token "wall_ms_fail"
  Scenario: Fail verdict at exact threshold boundary
   Γ£ö> Given a temporary directory for test artifacts
   Γ£ö  Given a baseline receipt with wall_ms median of 1000
   Γ£ö  And a current receipt with wall_ms median of 1210
   Γ£ö  When I run perfgate compare with threshold 0.20
   Γ£ö  Then the exit code should be 2
   Γ£ö  And the verdict should be fail
  Scenario: Fail verdict with large regression
   Γ£ö> Given a temporary directory for test artifacts
   Γ£ö  Given a baseline receipt with wall_ms median of 1000
   Γ£ö  And a current receipt with wall_ms median of 2000
   Γ£ö  When I run perfgate compare with threshold 0.20
   Γ£ö  Then the exit code should be 2
   Γ£ö  And the verdict should be fail
   Γ£ö  And the reasons should include token "wall_ms_fail"
  Scenario: Warn verdict when regression is near threshold
   Γ£ö> Given a temporary directory for test artifacts
   Γ£ö  Given a baseline receipt with wall_ms median of 1000
   Γ£ö  And a current receipt with wall_ms median of 1190
   Γ£ö  When I run perfgate compare with threshold 0.20 and warn-factor 0.90
   Γ£ö  Then the exit code should be 0
   Γ£ö  And the verdict should be warn
  Scenario: Warn verdict at warn threshold boundary
   Γ£ö> Given a temporary directory for test artifacts
   Γ£ö  Given a baseline receipt with wall_ms median of 1000
   Γ£ö  And a current receipt with wall_ms median of 1185
   Γ£ö  When I run perfgate compare with threshold 0.20 and warn-factor 0.90
   Γ£ö  Then the exit code should be 0
   Γ£ö  And the verdict should be warn
  Scenario: Exit code 0 for pass verdict
   Γ£ö> Given a temporary directory for test artifacts
   Γ£ö  Given a baseline receipt with wall_ms median of 1000
   Γ£ö  And a current receipt with wall_ms median of 950
   Γ£ö  When I run perfgate compare with threshold 0.20
   Γ£ö  Then the exit code should be 0
  Scenario: Exit code 2 for fail verdict
   Γ£ö> Given a temporary directory for test artifacts
   Γ£ö  Given a baseline receipt with wall_ms median of 1000
   Γ£ö  And a current receipt with wall_ms median of 1300
   Γ£ö  When I run perfgate compare with threshold 0.20
   Γ£ö  Then the exit code should be 2
  Scenario: Exit code 3 for warn with fail-on-warn flag
   Γ£ö> Given a temporary directory for test artifacts
   Γ£ö  Given a baseline receipt with wall_ms median of 1000
   Γ£ö  And a current receipt with wall_ms median of 1190
   Γ£ö  And the --fail-on-warn flag is set
   Γ£ö  When I run perfgate compare with threshold 0.20 and warn-factor 0.90
   Γ£ö  Then the exit code should be 3
   Γ£ö  And the verdict should be warn
  Scenario: Custom threshold allows larger regression
   Γ£ö> Given a temporary directory for test artifacts
   Γ£ö  Given a baseline receipt with wall_ms median of 1000
   Γ£ö  And a current receipt with wall_ms median of 1400
   Γ£ö  When I run perfgate compare with threshold 0.50
   Γ£ö  Then the exit code should be 0
   Γ£ö  And the verdict should be pass
  Scenario: Strict threshold catches small regression
   Γ£ö> Given a temporary directory for test artifacts
   Γ£ö  Given a baseline receipt with wall_ms median of 1000
   Γ£ö  And a current receipt with wall_ms median of 1060
   Γ£ö  When I run perfgate compare with threshold 0.05
   Γ£ö  Then the exit code should be 2
   Γ£ö  And the verdict should be fail
  Scenario: Custom warn-factor adjusts warn threshold
   Γ£ö> Given a temporary directory for test artifacts
   Γ£ö  Given a baseline receipt with wall_ms median of 1000
   Γ£ö  And a current receipt with wall_ms median of 1100
   Γ£ö  When I run perfgate compare with threshold 0.20 and warn-factor 0.50
   Γ£ö  Then the exit code should be 0
   Γ£ö  And the verdict should be warn
  Scenario: Warn without fail-on-warn returns exit code 0
   Γ£ö> Given a temporary directory for test artifacts
   Γ£ö  Given a baseline receipt with wall_ms median of 1000
   Γ£ö  And a current receipt with wall_ms median of 1190
   Γ£ö  When I run perfgate compare with threshold 0.20 and warn-factor 0.90
   Γ£ö  Then the exit code should be 0
   Γ£ö  And the verdict should be warn
  Scenario: Warn with fail-on-warn returns exit code 3
   Γ£ö> Given a temporary directory for test artifacts
   Γ£ö  Given a baseline receipt with wall_ms median of 1000
   Γ£ö  And a current receipt with wall_ms median of 1190
   Γ£ö  And the --fail-on-warn flag is set
   Γ£ö  When I run perfgate compare with threshold 0.20 and warn-factor 0.90
   Γ£ö  Then the exit code should be 3
   Γ£ö  And the verdict should be warn
  Scenario: Pass verdict unaffected by fail-on-warn flag
   Γ£ö> Given a temporary directory for test artifacts
   Γ£ö  Given a baseline receipt with wall_ms median of 1000
   Γ£ö  And a current receipt with wall_ms median of 900
   Γ£ö  And the --fail-on-warn flag is set
   Γ£ö  When I run perfgate compare with threshold 0.20
   Γ£ö  Then the exit code should be 0
   Γ£ö  And the verdict should be pass
  Scenario: Fail verdict unaffected by fail-on-warn flag
   Γ£ö> Given a temporary directory for test artifacts
   Γ£ö  Given a baseline receipt with wall_ms median of 1000
   Γ£ö  And a current receipt with wall_ms median of 1500
   Γ£ö  And the --fail-on-warn flag is set
   Γ£ö  When I run perfgate compare with threshold 0.20
   Γ£ö  Then the exit code should be 2
   Γ£ö  And the verdict should be fail
  Scenario: Host mismatch warn policy emits warning and still compares
   Γ£ö> Given a temporary directory for test artifacts
   Γ£ö  Given a baseline receipt with wall_ms median of 1000
   Γ£ö  And a current receipt with wall_ms median of 1000 and host os "different-os"
   Γ£ö  When I run perfgate compare with threshold 0.20 and host-mismatch policy "warn"
   Γ£ö  Then the exit code should be 0
   Γ£ö  And the verdict should be pass
   Γ£ö  And the stderr should contain "warning: host mismatch"
  Scenario: Host mismatch error policy fails comparison
   Γ£ö> Given a temporary directory for test artifacts
   Γ£ö  Given a baseline receipt with wall_ms median of 1000
   Γ£ö  And a current receipt with wall_ms median of 1000 and host os "different-os"
   Γ£ö  When I run perfgate compare with threshold 0.20 and host-mismatch policy "error"
   Γ£ö  Then the exit code should be 1
   Γ£ö  And the stderr should contain "host mismatch detected"
   Γ£ö  And the output file should not exist
  Scenario: Host mismatch ignore policy suppresses warnings
   Γ£ö> Given a temporary directory for test artifacts
   Γ£ö  Given a baseline receipt with wall_ms median of 1000
   Γ£ö  And a current receipt with wall_ms median of 1000 and host os "different-os"
   Γ£ö  When I run perfgate compare with threshold 0.20 and host-mismatch policy "ignore"
   Γ£ö  Then the exit code should be 0
   Γ£ö  And the verdict should be pass
   Γ£ö  And the stderr should not contain "host mismatch"
  Scenario: Compare with --significance-alpha flag
   Γ£ö> Given a temporary directory for test artifacts
   Γ£ö  Given a baseline receipt with wall_ms samples "100,110,105,108,112,103,107,109,111,106"
   Γ£ö  And a current receipt with wall_ms samples "100,110,105,108,112,103,107,109,111,106"
   Γ£ö  When I run perfgate compare with threshold 0.20 and significance-alpha 0.05
   Γ£ö  Then the exit code should be 0
   Γ£ö  And the verdict should be pass
   Γ£ö  And the compare receipt wall_ms delta should have significance metadata
  Scenario: Compare with --require-significance flag downgrades non-significant regression
   Γ£ö> Given a temporary directory for test artifacts
   Γ£ö  Given a baseline receipt with wall_ms samples "100,110,105,108,112,103,107,109,111,106"
   Γ£ö  And a current receipt with wall_ms samples "200,210,205,208,212,203,207,209,211,206"
   Γ£ö  When I run perfgate compare with threshold 0.05 and significance-alpha 0.05 and require-significance
   Γ£ö  Then the exit code should be 2
   Γ£ö  And the verdict should be fail
  Scenario: Compare with mismatched bench names between baseline and current
   Γ£ö> Given a temporary directory for test artifacts
   Γ£ö  Given a baseline receipt with wall_ms median of 1000
   Γ£ö  And a current receipt with wall_ms median of 900 and bench name "different-bench"
   Γ£ö  When I run perfgate compare with threshold 0.20
   Γ£ö  Then the exit code should be 0
   Γ£ö  And the verdict should be pass
  Scenario: Pass verdict when current is significantly faster than baseline
   Γ£ö> Given a temporary directory for test artifacts
   Γ£ö  Given a baseline receipt with wall_ms median of 1000
   Γ£ö  And a current receipt with wall_ms median of 200
   Γ£ö  When I run perfgate compare with threshold 0.20
   Γ£ö  Then the exit code should be 0
   Γ£ö  And the verdict should be pass
   Γ£ö  And the compare receipt should contain wall_ms delta
  Scenario: Compare with non-existent baseline file
   Γ£ö> Given a temporary directory for test artifacts
   Γ£ö  Given a non-existent baseline file
   Γ£ö  And a current receipt with wall_ms median of 1000
   Γ£ö  When I run perfgate compare with threshold 0.20
   Γ£ö  Then the exit code should be 1
   Γ£ö  And the stderr should contain "read"
  Scenario: Compare with invalid JSON baseline
   Γ£ö> Given a temporary directory for test artifacts
   Γ£ö  Given an invalid JSON baseline file
   Γ£ö  And a current receipt with wall_ms median of 1000
   Γ£ö  When I run perfgate compare with threshold 0.20
   Γ£ö  Then the exit code should be 1
   Γ£ö  And the stderr should contain "parse"
  Scenario: Compare with empty baseline file
   Γ£ö> Given a temporary directory for test artifacts
   Γ£ö  Given an empty baseline file
   Γ£ö  And a current receipt with wall_ms median of 1000
   Γ£ö  When I run perfgate compare with threshold 0.20
   Γ£ö  Then the exit code should be 1
   Γ£ö  And the stderr should contain "parse"
Feature: Export Command
  Scenario: Export run receipt to CSV
   Γ£ö> Given a temporary directory for test artifacts
   Γ£ö  Given a baseline receipt with wall_ms median of 1000
   Γ£ö  When I run perfgate export run to csv
   Γ£ö  Then the exit code should be 0
   Γ£ö  And the export file should exist
   Γ£ö  And the export file should contain "bench_name"
   Γ£ö  And the export file should contain "wall_ms_median"
   Γ£ö  And the export file should contain "test-bench"
  Scenario: Export run receipt to JSONL
   Γ£ö> Given a temporary directory for test artifacts
   Γ£ö  Given a baseline receipt with wall_ms median of 1000
   Γ£ö  When I run perfgate export run to jsonl
   Γ£ö  Then the exit code should be 0
   Γ£ö  And the export file should exist
   Γ£ö  And the export file should contain "bench_name"
   Γ£ö  And the export file should be valid JSONL
  Scenario: Export compare receipt to CSV
   Γ£ö> Given a temporary directory for test artifacts
   Γ£ö  Given a compare receipt with pass verdict
   Γ£ö  When I run perfgate export compare to csv
   Γ£ö  Then the exit code should be 0
   Γ£ö  And the export file should exist
   Γ£ö  And the export file should contain "metric"
   Γ£ö  And the export file should contain "baseline_value"
   Γ£ö  And the export file should contain "regression_pct"
  Scenario: Export compare receipt to JSONL
   Γ£ö> Given a temporary directory for test artifacts
   Γ£ö  Given a compare receipt with fail verdict
   Γ£ö  When I run perfgate export compare to jsonl
   Γ£ö  Then the exit code should be 0
   Γ£ö  And the export file should exist
   Γ£ö  And the export file should be valid JSONL
  Scenario: Export produces stable ordering across runs
   Γ£ö> Given a temporary directory for test artifacts
   Γ£ö  Given a compare receipt with pass verdict
   Γ£ö  When I run perfgate export compare to csv twice
   Γ£ö  Then the exit code should be 0
   Γ£ö  And the two export files should be identical
  Scenario: Export uses CSV as default format
   Γ£ö> Given a temporary directory for test artifacts
   Γ£ö  Given a baseline receipt with wall_ms median of 1000
   Γ£ö  When I run perfgate export run with default format
   Γ£ö  Then the exit code should be 0
   Γ£ö  And the export file should contain "bench_name,wall_ms_median"
  Scenario: Compare export orders metrics alphabetically
   Γ£ö> Given a temporary directory for test artifacts
   Γ£ö  Given a compare receipt with pass verdict
   Γ£ö  When I run perfgate export compare to csv
   Γ£ö  Then the exit code should be 0
   Γ£ö  And the metrics should be sorted alphabetically
  Scenario: Export run receipt to HTML
   Γ£ö> Given a temporary directory for test artifacts
   Γ£ö  Given a baseline receipt with wall_ms median of 1000
   Γ£ö  When I run perfgate export run to html
   Γ£ö  Then the exit code should be 0
   Γ£ö  And the export file should exist
   Γ£ö  And the export file should contain "<table"
  Scenario: Export compare receipt to HTML
   Γ£ö> Given a temporary directory for test artifacts
   Γ£ö  Given a compare receipt with pass verdict
   Γ£ö  When I run perfgate export compare to html
   Γ£ö  Then the exit code should be 0
   Γ£ö  And the export file should exist
   Γ£ö  And the export file should contain "<table"
  Scenario: Export compare receipt to Prometheus
   Γ£ö> Given a temporary directory for test artifacts
   Γ£ö  Given a compare receipt with pass verdict
   Γ£ö  When I run perfgate export compare to prometheus
   Γ£ö  Then the exit code should be 0
   Γ£ö  And the export file should exist
   Γ£ö  And the export file should contain "perfgate_compare_regression_pct"
  Scenario: Export with invalid format
   Γ£ö> Given a temporary directory for test artifacts
   Γ£ö  Given a baseline receipt with wall_ms median of 1000
   Γ£ö  When I run perfgate export run with invalid format
   Γ£ö  Then the exit code should be 1
   Γ£ö  And the stderr should contain "invalid format"
  Scenario: Export with non-existent run file
   Γ£ö> Given a temporary directory for test artifacts
   Γ£ö  When I run perfgate export run with a non-existent file
   Γ£ö  Then the exit code should be 1
   Γ£ö  And the stderr should contain "read"
Feature: Markdown Command
  Scenario: Markdown output to stdout with pass verdict
   Γ£ö> Given a temporary directory for test artifacts
   Γ£ö  Given a compare receipt with pass verdict
   Γ£ö  When I run perfgate md
   Γ£ö  Then the exit code should be 0
   Γ£ö  And the markdown should contain "test-bench"
  Scenario: Markdown output to stdout with warn verdict
   Γ£ö> Given a temporary directory for test artifacts
   Γ£ö  Given a compare receipt with warn verdict
   Γ£ö  When I run perfgate md
   Γ£ö  Then the exit code should be 0
   Γ£ö  And the markdown should contain "test-bench"
  Scenario: Markdown output to stdout with fail verdict
   Γ£ö> Given a temporary directory for test artifacts
   Γ£ö  Given a compare receipt with fail verdict
   Γ£ö  When I run perfgate md
   Γ£ö  Then the exit code should be 0
   Γ£ö  And the markdown should contain "test-bench"
  Scenario: Markdown output to file with pass verdict
   Γ£ö> Given a temporary directory for test artifacts
   Γ£ö  Given a compare receipt with pass verdict
   Γ£ö  When I run perfgate md with output file
   Γ£ö  Then the exit code should be 0
   Γ£ö  And the output file should exist
   Γ£ö  And the markdown file should contain "test-bench"
  Scenario: Markdown output to file with warn verdict
   Γ£ö> Given a temporary directory for test artifacts
   Γ£ö  Given a compare receipt with warn verdict
   Γ£ö  When I run perfgate md with output file
   Γ£ö  Then the exit code should be 0
   Γ£ö  And the output file should exist
   Γ£ö  And the markdown file should contain "test-bench"
  Scenario: Markdown output to file with fail verdict
   Γ£ö> Given a temporary directory for test artifacts
   Γ£ö  Given a compare receipt with fail verdict
   Γ£ö  When I run perfgate md with output file
   Γ£ö  Then the exit code should be 0
   Γ£ö  And the output file should exist
   Γ£ö  And the markdown file should contain "test-bench"
  Scenario: Pass verdict renders with checkmark emoji
   Γ£ö> Given a temporary directory for test artifacts
   Γ£ö  Given a compare receipt with pass verdict
   Γ£ö  When I run perfgate md
   Γ£ö  Then the exit code should be 0
   Γ£ö  And the markdown should contain "Γ£à"
  Scenario: Warn verdict renders with warning emoji
   Γ£ö> Given a temporary directory for test artifacts
   Γ£ö  Given a compare receipt with warn verdict
   Γ£ö  When I run perfgate md
   Γ£ö  Then the exit code should be 0
   Γ£ö  And the markdown should contain "ΓÜá∩╕Å"
  Scenario: Fail verdict renders with cross emoji
   Γ£ö> Given a temporary directory for test artifacts
   Γ£ö  Given a compare receipt with fail verdict
   Γ£ö  When I run perfgate md
   Γ£ö  Then the exit code should be 0
   Γ£ö  And the markdown should contain "Γ¥î"
  Scenario: Markdown table contains metric column
   Γ£ö> Given a temporary directory for test artifacts
   Γ£ö  Given a compare receipt with pass verdict
   Γ£ö  When I run perfgate md
   Γ£ö  Then the exit code should be 0
   Γ£ö  And the markdown should contain "metric"
  Scenario: Markdown table contains baseline column
   Γ£ö> Given a temporary directory for test artifacts
   Γ£ö  Given a compare receipt with pass verdict
   Γ£ö  When I run perfgate md
   Γ£ö  Then the exit code should be 0
   Γ£ö  And the markdown should contain "baseline (median)"
  Scenario: Markdown table contains current column
   Γ£ö> Given a temporary directory for test artifacts
   Γ£ö  Given a compare receipt with pass verdict
   Γ£ö  When I run perfgate md
   Γ£ö  Then the exit code should be 0
   Γ£ö  And the markdown should contain "current (median)"
  Scenario: Markdown table contains delta column
   Γ£ö> Given a temporary directory for test artifacts
   Γ£ö  Given a compare receipt with pass verdict
   Γ£ö  When I run perfgate md
   Γ£ö  Then the exit code should be 0
   Γ£ö  And the markdown should contain "delta"
  Scenario: Markdown table contains wall_ms metric row
   Γ£ö> Given a temporary directory for test artifacts
   Γ£ö  Given a compare receipt with pass verdict
   Γ£ö  When I run perfgate md
   Γ£ö  Then the exit code should be 0
   Γ£ö  And the markdown should contain "wall_ms"
  Scenario: Fail verdict includes reasons in markdown
   Γ£ö> Given a temporary directory for test artifacts
   Γ£ö  Given a compare receipt with fail verdict
   Γ£ö  When I run perfgate md
   Γ£ö  Then the exit code should be 0
   Γ£ö  And the markdown should contain "wall_ms_fail"
  Scenario: Warn verdict includes reasons in markdown
   Γ£ö> Given a temporary directory for test artifacts
   Γ£ö  Given a compare receipt with warn verdict
   Γ£ö  When I run perfgate md
   Γ£ö  Then the exit code should be 0
   Γ£ö  And the markdown should contain "wall_ms_warn"
  Scenario: File output contains verdict emoji
   Γ£ö> Given a temporary directory for test artifacts
   Γ£ö  Given a compare receipt with pass verdict
   Γ£ö  When I run perfgate md with output file
   Γ£ö  Then the exit code should be 0
   Γ£ö  And the markdown file should contain "Γ£à"
  Scenario: File output contains table structure
   Γ£ö> Given a temporary directory for test artifacts
   Γ£ö  Given a compare receipt with fail verdict
   Γ£ö  When I run perfgate md with output file
   Γ£ö  Then the exit code should be 0
   Γ£ö  And the markdown file should contain "metric"
   Γ£ö  And the markdown file should contain "baseline (median)"
   Γ£ö  And the markdown file should contain "current (median)"
  Scenario: Md with custom --template flag renders from template
   Γ£ö> Given a temporary directory for test artifacts
   Γ£ö  Given a compare receipt with pass verdict
   Γ£ö  And a markdown template file with content "CUSTOM:{{bench.name}}"
   Γ£ö  When I run perfgate md with template
   Γ£ö  Then the exit code should be 0
   Γ£ö  And the markdown should contain "CUSTOM:test-bench"
Feature: Microcrate Integration
  Scenario: SHA-256 microcrate produces correct hashes
   Γ£ö> Given a working perfgate installation
   Γ£ö  When I compute SHA-256 of "hello world"
   Γ£ö  Then the hash should be "b94d27b9934d3e08a52e52d7da7dabfac484efe37a5380ee9088f7ace2efcde9"
  Scenario: Stats microcrate computes median correctly
   Γ£ö> Given a working perfgate installation
   Γ£ö  Given a list of values "10, 20, 30, 40, 50"
   Γ£ö  When I compute the median
   Γ£ö  Then the median should be 30
  Scenario: Stats microcrate handles even-length lists
   Γ£ö> Given a working perfgate installation
   Γ£ö  Given a list of values "10, 20, 30, 40"
   Γ£ö  When I compute the median
   Γ£ö  Then the median should be 25
  Scenario: Validation microcrate accepts valid bench names
   Γ£ö> Given a working perfgate installation
   Γ£ö  When I validate bench name "my-benchmark"
   Γ£ö  Then the validation should pass
  Scenario: Validation microcrate rejects invalid bench names
   Γ£ö> Given a working perfgate installation
   Γ£ö  When I validate bench name "My-Benchmark"
   Γ£ö  Then the validation should fail with "invalid characters"
  Scenario: Validation microcrate rejects path traversal
   Γ£ö> Given a working perfgate installation
   Γ£ö  When I validate bench name "../escape"
   Γ£ö  Then the validation should fail with "path traversal"
  Scenario: Host detect microcrate detects OS mismatch
   Γ£ö> Given a working perfgate installation
   Γ£ö  Given baseline host with os "linux"
   Γ£ö  And current host with os "windows"
   Γ£ö  When I detect host mismatch
   Γ£ö  Then a mismatch should be detected
   Γ£ö  And the reason should contain "OS mismatch"
  Scenario: Host detect microcrate ignores minor CPU differences
   Γ£ö> Given a working perfgate installation
   Γ£ö  Given baseline host with cpu_count 8
   Γ£ö  And current host with cpu_count 12
   Γ£ö  When I detect host mismatch
   Γ£ö  Then no mismatch should be detected
  Scenario: Export microcrate produces valid CSV
   Γ£ö> Given a working perfgate installation
   Γ£ö  Given a run receipt for bench "test-bench"
   Γ£ö  When I export to CSV format
   Γ£ö  Then the output should be valid CSV
   Γ£ö  And the header should contain "bench_name"
  Scenario: Render microcrate produces markdown table
   Γ£ö> Given a working perfgate installation
   Γ£ö  Given a compare receipt with status "fail"
   Γ£ö  When I render markdown
   Γ£ö  Then the output should contain "perfgate: fail"
   Γ£ö  And the output should contain a markdown table
  Scenario: Sensor microcrate builds sensor report
   Γ£ö> Given a working perfgate installation
   Γ£ö  Given a perfgate report with status "pass"
   Γ£ö  When I build a sensor report
   Γ£ö  Then the sensor report should have schema "sensor.report.v1"
   Γ£ö  And the verdict status should be "pass"
  Scenario: Error microcrate converts validation error to perfgate error
   Γ£ö> Given a working perfgate installation
   Γ£ö  When I convert ValidationError::Empty to PerfgateError
   Γ£ö  Then the error category should be "validation"
   Γ£ö  And the error should not be recoverable
  Scenario: Error microcrate converts stats error to perfgate error
   Γ£ö> Given a working perfgate installation
   Γ£ö  When I convert StatsError::NoSamples to PerfgateError
   Γ£ö  Then the error category should be "stats"
   Γ£ö  And the error should not be recoverable
  Scenario: Error microcrate converts adapter error to perfgate error
   Γ£ö> Given a working perfgate installation
   Γ£ö  When I convert AdapterError::Timeout to PerfgateError
   Γ£ö  Then the error category should be "adapter"
   Γ£ö  And the error should be recoverable
  Scenario: Error microcrate converts config error to perfgate error
   Γ£ö> Given a working perfgate installation
   Γ£ö  When I convert ConfigValidationError::BenchName to PerfgateError
   Γ£ö  Then the error category should be "config"
   Γ£ö  And the error should not be recoverable
  Scenario: Error microcrate converts io error to perfgate error
   Γ£ö> Given a working perfgate installation
   Γ£ö  When I convert IoError::BaselineResolve to PerfgateError
   Γ£ö  Then the error category should be "io"
   Γ£ö  And the error should be recoverable
  Scenario: Error microcrate converts paired error to perfgate error
   Γ£ö> Given a working perfgate installation
   Γ£ö  When I convert PairedError::NoSamples to PerfgateError
   Γ£ö  Then the error category should be "paired"
   Γ£ö  And the error should not be recoverable
  Scenario: Error microcrate provides correct exit codes
   Γ£ö> Given a working perfgate installation
   Γ£ö  When I convert ValidationError::Empty to PerfgateError
   Γ£ö  Then the error exit code should be positive
  Scenario: Error microcrate propagates std io error
   Γ£ö> Given a working perfgate installation
   Γ£ö  When I convert std::io::Error to PerfgateError
   Γ£ö  Then the error category should be "io"
  Scenario: Budget passes when regression is below threshold
   Γ£ö> Given a working perfgate installation
   Γ£ö  Given a budget with threshold 0.20 and warn_threshold 0.10 for Direction::Lower
   Γ£ö  When I evaluate budget with baseline 100.0 and current 105.0
   Γ£ö  Then the budget status should be "pass"
   Γ£ö  And the regression should be 0.05
  Scenario: Budget warns when regression approaches threshold
   Γ£ö> Given a working perfgate installation
   Γ£ö  Given a budget with threshold 0.20 and warn_threshold 0.10 for Direction::Lower
   Γ£ö  When I evaluate budget with baseline 100.0 and current 115.0
   Γ£ö  Then the budget status should be "warn"
   Γ£ö  And the regression should be 0.15
  Scenario: Budget fails when regression exceeds threshold
   Γ£ö> Given a working perfgate installation
   Γ£ö  Given a budget with threshold 0.20 and warn_threshold 0.10 for Direction::Lower
   Γ£ö  When I evaluate budget with baseline 100.0 and current 130.0
   Γ£ö  Then the budget status should be "fail"
   Γ£ö  And the regression should be 0.30
  Scenario: Budget handles improvement with Direction::Lower
   Γ£ö> Given a working perfgate installation
   Γ£ö  Given a budget with threshold 0.20 and warn_threshold 0.10 for Direction::Lower
   Γ£ö  When I evaluate budget with baseline 100.0 and current 90.0
   Γ£ö  Then the budget status should be "pass"
   Γ£ö  And the regression should be 0.0
  Scenario: Budget handles regression with Direction::Higher
   Γ£ö> Given a working perfgate installation
   Γ£ö  Given a budget with threshold 0.20 and warn_threshold 0.10 for Direction::Higher
   Γ£ö  When I evaluate budget with baseline 100.0 and current 70.0
   Γ£ö  Then the budget status should be "fail"
   Γ£ö  And the regression should be 0.30
  Scenario: Budget handles improvement with Direction::Higher
   Γ£ö> Given a working perfgate installation
   Γ£ö  Given a budget with threshold 0.20 and warn_threshold 0.10 for Direction::Higher
   Γ£ö  When I evaluate budget with baseline 100.0 and current 120.0
   Γ£ö  Then the budget status should be "pass"
   Γ£ö  And the regression should be 0.0
  Scenario: Budget rejects zero baseline
   Γ£ö> Given a working perfgate installation
   Γ£ö  Given a budget with threshold 0.20 and warn_threshold 0.10 for Direction::Lower
   Γ£ö  When I evaluate budget with baseline 0.0 and current 100.0
   Γ£ö  Then the budget evaluation should fail with "baseline value must be > 0"
  Scenario: Budget rejects negative baseline
   Γ£ö> Given a working perfgate installation
   Γ£ö  Given a budget with threshold 0.20 and warn_threshold 0.10 for Direction::Lower
   Γ£ö  When I evaluate budget with baseline -10.0 and current 100.0
   Γ£ö  Then the budget evaluation should fail with "baseline value must be > 0"
  Scenario: Budget aggregates verdict correctly with fail
   Γ£ö> Given a working perfgate installation
   Γ£ö  Given budget statuses "pass, warn, fail"
   Γ£ö  When I aggregate the verdict
   Γ£ö  Then the aggregated verdict should be "fail"
   Γ£ö  And the verdict counts should be pass 1, warn 1, fail 1
  Scenario: Budget aggregates verdict correctly with warn only
   Γ£ö> Given a working perfgate installation
   Γ£ö  Given budget statuses "pass, warn, pass"
   Γ£ö  When I aggregate the verdict
   Γ£ö  Then the aggregated verdict should be "warn"
   Γ£ö  And the verdict counts should be pass 2, warn 1, fail 0
  Scenario: Budget aggregates verdict correctly with all pass
   Γ£ö> Given a working perfgate installation
   Γ£ö  Given budget statuses "pass, pass, pass"
   Γ£ö  When I aggregate the verdict
   Γ£ö  Then the aggregated verdict should be "pass"
   Γ£ö  And the verdict counts should be pass 3, warn 0, fail 0
  Scenario: Budget generates correct reason token
   Γ£ö> Given a working perfgate installation
   Γ£ö  When I generate a reason token for Metric::WallMs with status "warn"
   Γ£ö  Then the reason token should be "wall_ms_warn"
  Scenario: Budget at exact threshold boundary
   Γ£ö> Given a working perfgate installation
   Γ£ö  Given a budget with threshold 0.20 and warn_threshold 0.10 for Direction::Lower
   Γ£ö  When I evaluate budget with baseline 100.0 and current 120.0
   Γ£ö  Then the budget status should be "warn"
  Scenario: Significance detected with large sample difference
   Γ£ö> Given a working perfgate installation
   Γ£ö  Given baseline samples "100, 102, 98, 101, 99, 100, 101, 99"
   Γ£ö  And current samples "110, 112, 108, 111, 109, 110, 111, 109"
   Γ£ö  When I compute significance with alpha 0.05 and min_samples 8
   Γ£ö  Then the result should be significant
   Γ£ö  And the p-value should be less than 0.05
  Scenario: No significance with small sample difference
   Γ£ö> Given a working perfgate installation
   Γ£ö  Given baseline samples "100, 102, 98, 101, 99, 100, 101, 99"
   Γ£ö  And current samples "100, 102, 98, 101, 99, 100, 101, 99"
   Γ£ö  When I compute significance with alpha 0.05 and min_samples 8
   Γ£ö  Then the result should not be significant
   Γ£ö  And the p-value should be approximately 1.0
  Scenario: Significance returns none for insufficient samples
   Γ£ö> Given a working perfgate installation
   Γ£ö  Given baseline samples "100, 101, 102"
   Γ£ö  And current samples "100, 101, 102, 103, 104, 105, 106, 107"
   Γ£ö  When I compute significance with alpha 0.05 and min_samples 8
   Γ£ö  Then the result should be none
  Scenario: Significance returns none for single sample
   Γ£ö> Given a working perfgate installation
   Γ£ö  Given baseline samples "100"
   Γ£ö  And current samples "100"
   Γ£ö  When I compute significance with alpha 0.05 and min_samples 1
   Γ£ö  Then the result should be none
  Scenario: Significance handles zero variance equal means
   Γ£ö> Given a working perfgate installation
   Γ£ö  Given baseline samples "100, 100, 100, 100, 100, 100, 100, 100"
   Γ£ö  And current samples "100, 100, 100, 100, 100, 100, 100, 100"
   Γ£ö  When I compute significance with alpha 0.05 and min_samples 8
   Γ£ö  Then the result should not be significant
   Γ£ö  And the p-value should be 1.0
  Scenario: Significance handles zero variance different means
   Γ£ö> Given a working perfgate installation
   Γ£ö  Given baseline samples "100, 100, 100, 100, 100, 100, 100, 100"
   Γ£ö  And current samples "110, 110, 110, 110, 110, 110, 110, 110"
   Γ£ö  When I compute significance with alpha 0.05 and min_samples 8
   Γ£ö  Then the result should be significant
   Γ£ö  And the p-value should be 0.0
  Scenario: Significance records sample counts correctly
   Γ£ö> Given a working perfgate installation
   Γ£ö  Given baseline samples "100, 100, 100, 100, 100, 100, 100, 100, 100, 100, 100, 100, 100, 100, 100"
   Γ£ö  And current samples "110, 110, 110, 110, 110, 110, 110, 110, 110, 110, 110, 110"
   Γ£ö  When I compute significance with alpha 0.05 and min_samples 8
   Γ£ö  Then the baseline sample count should be 15
   Γ£ö  And the current sample count should be 12
  Scenario: Significance respects alpha threshold
   Γ£ö> Given a working perfgate installation
   Γ£ö  Given baseline samples "100, 101, 99, 100, 101, 99, 100, 101"
   Γ£ö  And current samples "102, 103, 101, 102, 103, 101, 102, 103"
   Γ£ö  When I compute significance with alpha 0.10 and min_samples 8
   Γ£ö  Then the alpha value should be 0.10
  Scenario: Significance with noisy data not significant
   Γ£ö> Given a working perfgate installation
   Γ£ö  Given baseline samples "97.5, 100.0, 102.5, 97.5, 100.0, 102.5, 97.5, 100.0, 102.5, 97.5, 100.0, 102.5, 97.5, 100.0, 102.5, 97.5, 100.0, 102.5, 97.5, 100.0"
   Γ£ö  And current samples "98.0, 100.5, 103.0, 98.0, 100.5, 103.0, 98.0, 100.5, 103.0, 98.0, 100.5, 103.0, 98.0, 100.5, 103.0, 98.0, 100.5, 103.0, 98.0, 100.5"
   Γ£ö  When I compute significance with alpha 0.05 and min_samples 8
   Γ£ö  Then the result should not be significant
  Scenario: Error propagates correctly from validation to budget
   Γ£ö> Given a working perfgate installation
   Γ£ö  When I validate bench name "My-Invalid-Bench"
   Γ£ö  Then the validation should fail with "invalid characters"
  Scenario: Error propagates correctly across crate boundaries
   Γ£ö> Given a working perfgate installation
   Γ£ö  When I convert ValidationError::Empty to PerfgateError
   Γ£ö  Then the error exit code should be 1
Feature: Paired Command
  Scenario: Paired run with shell commands produces receipt
   Γ£ö> Given a temporary directory for test artifacts
   Γ£ö  When I run perfgate paired with shell commands
   Γ£ö  Then the exit code should be 0
   Γ£ö  And the output file should exist
   Γ£ö  And the paired receipt should have schema perfgate.paired.v1
   Γ£ö  And the paired receipt should have bench name "paired-bench"
  Scenario: Paired run includes warmup pairs in samples
   Γ£ö> Given a temporary directory for test artifacts
   Γ£ö  When I run perfgate paired with repeat 2 and warmup 1
   Γ£ö  Then the exit code should be 0
   Γ£ö  And the paired receipt should have 3 samples
   Γ£ö  And the paired receipt should have 1 warmup samples
  Scenario: Paired run fails on nonzero command without allow-nonzero
   Γ£ö> Given a temporary directory for test artifacts
   Γ£ö  When I run perfgate paired with a failing baseline command
   Γ£ö  Then the exit code should be 1
   Γ£ö  And the stderr should contain "paired benchmark failed"
  Scenario: Paired run allows nonzero with allow-nonzero
   Γ£ö> Given a temporary directory for test artifacts
   Γ£ö  When I run perfgate paired with allow-nonzero and a failing baseline command
   Γ£ö  Then the exit code should be 0
   Γ£ö  And the output file should exist
  Scenario: Paired run with higher warmup excludes warmup from stats
   Γ£ö> Given a temporary directory for test artifacts
   Γ£ö  When I run perfgate paired with repeat 2 and warmup 3
   Γ£ö  Then the exit code should be 0
   Γ£ö  And the paired receipt should have 5 samples
   Γ£ö  And the paired receipt should have 3 warmup samples
   Γ£ö  And the paired receipt stats diff count should be 2
  Scenario: Paired run with custom repeat count
   Γ£ö> Given a temporary directory for test artifacts
   Γ£ö  When I run perfgate paired with repeat 4 and warmup 0
   Γ£ö  Then the exit code should be 0
   Γ£ö  And the paired receipt should have 4 samples
   Γ£ö  And the paired receipt should have 0 warmup samples
  Scenario: Paired run with pretty-printed JSON
   Γ£ö> Given a temporary directory for test artifacts
   Γ£ö  When I run perfgate paired with pretty output
   Γ£ö  Then the exit code should be 0
   Γ£ö  And the output file should exist
   Γ£ö  And the output file should contain valid JSON
   Γ£ö  And the output file should be pretty-printed
  Scenario: Paired run output has all required receipt fields
   Γ£ö> Given a temporary directory for test artifacts
   Γ£ö  When I run perfgate paired with shell commands
   Γ£ö  Then the exit code should be 0
   Γ£ö  And the output file should contain valid JSON
   Γ£ö  And the paired receipt should have schema perfgate.paired.v1
   Γ£ö  And the paired receipt should contain stats with baseline and current wall_ms
   Γ£ö  And the paired receipt should contain run metadata
  Scenario: Paired run fails on failing current command
   Γ£ö> Given a temporary directory for test artifacts
   Γ£ö  When I run perfgate paired with a failing current command
   Γ£ö  Then the exit code should be 1
   Γ£ö  And the stderr should contain "paired benchmark failed"
  Scenario: Paired run with custom bench name
   Γ£ö> Given a temporary directory for test artifacts
   Γ£ö  When I run perfgate paired with bench name "my-custom-bench-123"
   Γ£ö  Then the exit code should be 0
   Γ£ö  And the output file should exist
   Γ£ö  And the paired receipt should have bench name "my-custom-bench-123"
  Scenario: Paired run with work units enables throughput stats
   Γ£ö> Given a temporary directory for test artifacts
   Γ£ö  When I run perfgate paired with work units 1000
   Γ£ö  Then the exit code should be 0
   Γ£ö  And the output file should exist
   Γ£ö  And the paired receipt should have throughput stats
Feature: Promote Command
  Scenario: Promote creates valid baseline file
   Γ£ö> Given a temporary directory for test artifacts
   Γ£ö  Given a run receipt with wall_ms median of 1000
   Γ£ö  When I run perfgate promote
   Γ£ö  Then the exit code should be 0
   Γ£ö  And the baseline file should exist
   Γ£ö  And the baseline file should be valid JSON
   Γ£ö  And the baseline should have the same wall_ms median of 1000
  Scenario: Promote preserves all receipt data without normalize
   Γ£ö> Given a temporary directory for test artifacts
   Γ£ö  Given a run receipt with wall_ms median of 500
   Γ£ö  And the run receipt has run_id "unique-test-id-123"
   Γ£ö  When I run perfgate promote without normalize
   Γ£ö  Then the exit code should be 0
   Γ£ö  And the baseline should have run_id "unique-test-id-123"
  Scenario: Promote with normalize strips run_id and timestamps
   Γ£ö> Given a temporary directory for test artifacts
   Γ£ö  Given a run receipt with wall_ms median of 1000
   Γ£ö  And the run receipt has run_id "unique-test-id-456"
   Γ£ö  And the run receipt has started_at "2024-06-15T10:30:00Z"
   Γ£ö  When I run perfgate promote with normalize
   Γ£ö  Then the exit code should be 0
   Γ£ö  And the baseline should have run_id "baseline"
   Γ£ö  And the baseline should have started_at "1970-01-01T00:00:00Z"
  Scenario: Normalize preserves benchmark metadata
   Γ£ö> Given a temporary directory for test artifacts
   Γ£ö  Given a run receipt with wall_ms median of 750
   Γ£ö  And the run receipt has bench name "my-benchmark"
   Γ£ö  When I run perfgate promote with normalize
   Γ£ö  Then the exit code should be 0
   Γ£ö  And the baseline should have bench name "my-benchmark"
   Γ£ö  And the baseline should have the same wall_ms median of 750
  Scenario: Normalize preserves host info
   Γ£ö> Given a temporary directory for test artifacts
   Γ£ö  Given a run receipt with wall_ms median of 1000
   Γ£ö  When I run perfgate promote with normalize
   Γ£ö  Then the exit code should be 0
   Γ£ö  And the baseline should preserve host os and arch
  Scenario: Promote fails gracefully if source missing
   Γ£ö> Given a temporary directory for test artifacts
   Γ£ö  Given a nonexistent source file
   Γ£ö  When I run perfgate promote with missing source
   Γ£ö  Then the exit code should be 1
   Γ£ö  And the stderr should contain "read"
  Scenario: Promote fails gracefully if source is invalid JSON
   Γ£ö> Given a temporary directory for test artifacts
   Γ£ö  Given an invalid JSON source file
   Γ£ö  When I run perfgate promote with invalid source
   Γ£ö  Then the exit code should be 1
   Γ£ö  And the stderr should contain "parse"
  Scenario: Promote uses atomic write
   Γ£ö> Given a temporary directory for test artifacts
   Γ£ö  Given a run receipt with wall_ms median of 1000
   Γ£ö  When I run perfgate promote
   Γ£ö  Then the exit code should be 0
   Γ£ö  And the baseline file should exist
   Γ£ö  And no temporary files should remain
  Scenario: Promote with pretty flag formats JSON
   Γ£ö> Given a temporary directory for test artifacts
   Γ£ö  Given a run receipt with wall_ms median of 1000
   Γ£ö  When I run perfgate promote with pretty
   Γ£ö  Then the exit code should be 0
   Γ£ö  And the baseline file should be pretty-printed JSON
Feature: Report Command
  Scenario: Report from pass verdict compare receipt
   Γ£ö> Given a temporary directory for test artifacts
   Γ£ö  Given a compare receipt with pass verdict
   Γ£ö  When I run perfgate report
   Γ£ö  Then the exit code should be 0
   Γ£ö  And the report should have schema perfgate.report.v1
   Γ£ö  And the report verdict should be pass
   Γ£ö  And the report should have no findings
   Γ£ö  And the report summary pass count should be 1
   Γ£ö  And the report summary warn count should be 0
   Γ£ö  And the report summary fail count should be 0
  Scenario: Report from warn verdict compare receipt
   Γ£ö> Given a temporary directory for test artifacts
   Γ£ö  Given a compare receipt with warn verdict
   Γ£ö  When I run perfgate report
   Γ£ö  Then the exit code should be 0
   Γ£ö  And the report should have schema perfgate.report.v1
   Γ£ö  And the report verdict should be warn
   Γ£ö  And the report should have findings with code metric_warn
   Γ£ö  And the report summary warn count should be 1
  Scenario: Report from fail verdict compare receipt
   Γ£ö> Given a temporary directory for test artifacts
   Γ£ö  Given a compare receipt with fail verdict
   Γ£ö  When I run perfgate report
   Γ£ö  Then the exit code should be 0
   Γ£ö  And the report should have schema perfgate.report.v1
   Γ£ö  And the report verdict should be fail
   Γ£ö  And the report should have findings with code metric_fail
   Γ£ö  And the report summary fail count should be 1
  Scenario: Report output is deterministic
   Γ£ö> Given a temporary directory for test artifacts
   Γ£ö  Given a compare receipt with fail verdict
   Γ£ö  When I run perfgate report twice
   Γ£ö  Then both reports should be identical
  Scenario: Report with markdown output
   Γ£ö> Given a temporary directory for test artifacts
   Γ£ö  Given a compare receipt with pass verdict
   Γ£ö  When I run perfgate report with markdown output
   Γ£ö  Then the exit code should be 0
   Γ£ö  And the report file should exist
   Γ£ö  And the markdown file should exist
   Γ£ö  And the markdown file should contain "perfgate"
  Scenario: Report with pretty print
   Γ£ö> Given a temporary directory for test artifacts
   Γ£ö  Given a compare receipt with pass verdict
   Γ£ö  When I run perfgate report with pretty flag
   Γ£ö  Then the exit code should be 0
   Γ£ö  And the report file should contain indented JSON
Feature: Run Command
  Scenario: Basic command execution with name
   Γ£ö> Given a temporary directory for test artifacts
   Γ£ö  When I run perfgate run with name "my-benchmark"
   Γ£ö  Then the exit code should be 0
   Γ£ö  And the output file should exist
   Γ£ö  And the output file should contain valid JSON
   Γ£ö  And the run receipt should have bench name "my-benchmark"
   Γ£ö  And the run receipt should have schema perfgate.run.v1
  Scenario: Run command with different benchmark name
   Γ£ö> Given a temporary directory for test artifacts
   Γ£ö  When I run perfgate run with name "performance-test"
   Γ£ö  Then the exit code should be 0
   Γ£ö  And the output file should exist
   Γ£ö  And the run receipt should have bench name "performance-test"
  Scenario: Run command with repeat option only
   Γ£ö> Given a temporary directory for test artifacts
   Γ£ö  When I run perfgate run with repeat 3 and warmup 0
   Γ£ö  Then the exit code should be 0
   Γ£ö  And the output file should exist
   Γ£ö  And the output file should contain valid JSON
   Γ£ö  And the run receipt should have 3 samples
   Γ£ö  And the run receipt should have 0 warmup samples
  Scenario: Run command with warmup option
   Γ£ö> Given a temporary directory for test artifacts
   Γ£ö  When I run perfgate run with repeat 5 and warmup 2
   Γ£ö  Then the exit code should be 0
   Γ£ö  And the output file should exist
   Γ£ö  And the run receipt should have 7 samples
   Γ£ö  And the run receipt should have 2 warmup samples
  Scenario: Run command with warmup samples excluded from stats
   Γ£ö> Given a temporary directory for test artifacts
   Γ£ö  When I run perfgate run with repeat 4 and warmup 1
   Γ£ö  Then the exit code should be 0
   Γ£ö  And the output file should contain valid JSON
   Γ£ö  And the run receipt should have 5 samples
   Γ£ö  And the run receipt should have 1 warmup samples
  Scenario: Run command with work units calculates throughput
   Γ£ö> Given a temporary directory for test artifacts
   Γ£ö  When I run perfgate run with work units 1000
   Γ£ö  Then the exit code should be 0
   Γ£ö  And the output file should exist
   Γ£ö  And the output file should contain valid JSON
   Γ£ö  And the run receipt should have throughput_per_s stats
  Scenario: Run command with different work units value
   Γ£ö> Given a temporary directory for test artifacts
   Γ£ö  When I run perfgate run with work units 500
   Γ£ö  Then the exit code should be 0
   Γ£ö  And the run receipt should have throughput_per_s stats
  Scenario: Output file contains valid run receipt schema
   Γ£ö> Given a temporary directory for test artifacts
   Γ£ö  When I run perfgate run with name "schema-test"
   Γ£ö  Then the exit code should be 0
   Γ£ö  And the output file should exist
   Γ£ö  And the output file should contain valid JSON
   Γ£ö  And the run receipt should have schema perfgate.run.v1
  Scenario: Output file is generated with correct structure
   Γ£ö> Given a temporary directory for test artifacts
   Γ£ö  When I run perfgate run with repeat 2 and warmup 0
   Γ£ö  Then the exit code should be 0
   Γ£ö  And the output file should exist
   Γ£ö  And the output file should contain valid JSON
   Γ£ö  And the run receipt should have 2 samples
  Scenario: Run with --output-cap-bytes flag truncates captured output
   Γ£ö> Given a temporary directory for test artifacts
   Γ£ö  When I run perfgate run with output-cap-bytes 4
   Γ£ö  Then the exit code should be 0
   Γ£ö  And the output file should exist
   Γ£ö  And the output file should contain valid JSON
   Γ£ö  And the run receipt sample stdout should be at most 4 bytes
  Scenario: Run with --env flag sets environment variables
   Γ£ö> Given a temporary directory for test artifacts
   Γ£ö  When I run perfgate run with env "PERFGATE_BDD_VAR=hello42"
   Γ£ö  Then the exit code should be 0
   Γ£ö  And the output file should exist
   Γ£ö  And the output file should contain valid JSON
  Scenario: Run with a command that produces very large stdout
   Γ£ö> Given a temporary directory for test artifacts
   Γ£ö  When I run perfgate run with a large stdout command
   Γ£ö  Then the exit code should be 0
   Γ£ö  And the output file should exist
   Γ£ö  And the output file should contain valid JSON
  Scenario: Run with warmup count higher than repeat count
   Γ£ö> Given a temporary directory for test artifacts
   Γ£ö  When I run perfgate run with repeat 1 and warmup 3
   Γ£ö  Then the exit code should be 0
   Γ£ö  And the output file should exist
   Γ£ö  And the output file should contain valid JSON
   Γ£ö  And the run receipt should have 4 samples
   Γ£ö  And the run receipt should have 3 warmup samples
  Scenario: Run with non-existent command
   Γ£ö> Given a temporary directory for test artifacts
   Γ£ö  When I run perfgate run with a non-existent command
   Γ£ö  Then the exit code should be 1
   Γ£ö  And the stderr should contain "failed to run iteration 1"
Feature: summary command
  Scenario: Summary command prints a table of results
   Γ£ö> Given a temporary directory for test artifacts
   Γ£ö  Given a compare receipt exists at "run1.json" with:
       | metric  | status | current | pct  |
       | wall_ms | pass   | 100.0   | -0.1 |
   Γ£ö  And a compare receipt exists at "run2.json" with:
       | metric  | status | current | pct |
       | wall_ms | fail   | 150.0   | 0.5 |
   Γ£ö  When I run "perfgate summary run*.json"
   Γ£ö  Then the command should succeed
   Γ£ö  And the stdout should contain "run1"
   Γ£ö  And the stdout should contain "run2"
   Γ£ö  And the stdout should contain "pass"
   Γ£ö  And the stdout should contain "fail"
   Γ£ö  And the stdout should contain "-10.0%"
   Γ£ö  And the stdout should contain "50.0%"
[Summary]
14 features
192 scenarios (191 passed, 1 failed)
1082 steps (1081 passed, 1 failed)
