---
source: crates/perfgate-sensor/src/lib.rs
assertion_line: 2063
expression: sensor_report
---
{
  "schema": "sensor.report.v1",
  "tool": {
    "name": "perfgate",
    "version": "0.1.0"
  },
  "run": {
    "started_at": "2024-01-15T10:30:00Z",
    "ended_at": "2024-01-15T10:31:00Z",
    "duration_ms": 60000,
    "capabilities": {
      "baseline": {
        "status": "unavailable",
        "reason": "no_baseline"
      },
      "engine": {
        "status": "unavailable",
        "reason": "platform_limited"
      }
    }
  },
  "verdict": {
    "status": "fail",
    "counts": {
      "info": 1,
      "warn": 0,
      "error": 2
    },
    "reasons": [
      "wall_ms_fail",
      "max_rss_kb_fail"
    ]
  },
  "findings": [
    {
      "check_id": "perf.budget",
      "code": "metric_fail",
      "severity": "error",
      "message": "wall_ms regression: +30.00% (threshold: 20.0%)",
      "fingerprint": "1e1e7703feb87db211c08038a51a1ca85e1f7690a2374d87b2091e4469cbb2c3"
    }
  ],
  "data": {
    "summary": {
      "bench_count": 1,
      "fail_count": 2,
      "pass_count": 1,
      "total_count": 3,
      "warn_count": 0
    }
  }
}
