---
source: crates/perfgate-cli/tests/cli_help_snapshot_tests.rs
expression: "help_output(&[\"check\", \"--help\"])"
---
Config-driven one-command workflow.

Reads a config file, runs a benchmark, compares against baseline, and produces all artifacts (run.json, compare.json, report.json, comment.md).

This is the main adoption lever for perfgate in CI pipelines.

Exit codes: - 0: pass (or warn without --fail-on-warn, or no baseline without --require-baseline) - 1: tool error (I/O, parse, spawn failures) - 2: fail (budget violated) - 3: warn treated as failure (with --fail-on-warn)

Usage: perfgate check [OPTIONS]

Options:
      --config <CONFIG>
          Path to the config file (TOML or JSON)
          
          [default: perfgate.toml]

      --bench <BENCH>
          Name of the benchmark to run (must match a [[bench]] in config)

      --all
          Run all benchmarks defined in the config file

      --bench-regex <BENCH_REGEX>
          Regex to filter benchmark names when used with --all

      --out-dir <OUT_DIR>
          Output directory for artifacts
          
          [default: artifacts/perfgate]

      --baseline <BASELINE>
          Path or cloud URI to the baseline file. If not specified, looks in baseline_dir/{bench}.json (only valid when --bench is specified, not with --all)

      --require-baseline
          Fail if baseline is missing (default: warn and continue)

      --fail-on-warn
          Treat WARN verdict as a failing exit code

      --env <ENV>
          Environment variable (KEY=VALUE). Repeatable

      --output-cap-bytes <OUTPUT_CAP_BYTES>
          Max bytes captured from stdout/stderr per run
          
          [default: 8192]

      --allow-nonzero
          Do not fail the tool when the command returns nonzero

      --host-mismatch <HOST_MISMATCH>
          Policy for handling host mismatches between baseline and current runs. - warn (default): Warn but continue with comparison - error: Exit 1 on mismatch - ignore: Suppress warnings
          
          [default: warn]

      --significance-alpha <SIGNIFICANCE_ALPHA>
          Compute per-metric significance metadata using Welch's t-test (p <= alpha)

      --significance-min-samples <SIGNIFICANCE_MIN_SAMPLES>
          Minimum samples required in each run before significance is computed
          
          [default: 8]

      --require-significance
          When set with --significance-alpha, warn/fail statuses require significance

      --pretty
          Pretty-print JSON

      --mode <MODE>
          Output mode (standard or cockpit).
          
          In cockpit mode: - Always writes sensor.report.v1 envelope to report.json - Writes native artifacts to extras/ subdirectory - Exits 0 unless catastrophic failure (cannot write receipt) - Errors are captured in the report rather than causing exit 1

          Possible values:
          - standard: Standard mode: exit codes reflect verdict (0=pass, 2=fail, 3=warn with --fail-on-warn)
          - cockpit:  Cockpit mode: always write receipt, exit 0 unless catastrophic failure
          
          [default: standard]

      --md-template <MD_TEMPLATE>
          Render markdown using a Handlebars template file. If omitted, falls back to defaults.markdown_template from config

      --output-github
          Write GitHub Actions step outputs (verdict/counts) to $GITHUB_OUTPUT

  -h, --help
          Print help (see a summary with '-h')
